Source: D:\chenh\EdgeDiffusion\EdgeDiffusion\models\onnx\unet_fp32.onnx
  size: 4 MB graph (+ external data files)
Target: D:\chenh\EdgeDiffusion\EdgeDiffusion\models\onnx\unet_int8.onnx
Config: weight_type=QInt8, per_channel=True, reduce_range=False

Running quantize_dynamic... (this loads the full fp32 model into RAM)
WARNING:root:Please consider to run pre-processing before quantization. Refer to example: https://github.com/microsoft/onnxruntime-inference-examples/blob/main/quantization/image_classification/cpu/ReadMe.md 
Traceback (most recent call last):
  File "D:\chenh\EdgeDiffusion\EdgeDiffusion\mp_quant\onnx_quantize_int8.py", line 99, in <module>
    main()
  File "D:\chenh\EdgeDiffusion\EdgeDiffusion\mp_quant\onnx_quantize_int8.py", line 61, in main
    quantize_dynamic(
  File "D:\chenh\Anaconda\envs\sd_native\lib\site-packages\onnxruntime\quantization\quantize.py", line 877, in quantize_dynamic
    quantizer = ONNXQuantizer(
  File "D:\chenh\Anaconda\envs\sd_native\lib\site-packages\onnxruntime\quantization\onnx_quantizer.py", line 71, in __init__
    model = save_and_reload_model_with_shape_infer(self.model.model)
  File "D:\chenh\Anaconda\envs\sd_native\lib\site-packages\onnxruntime\quantization\quant_utils.py", line 1032, in save_and_reload_model_with_shape_infer
    onnx.save_model(model_copy, model_path.as_posix(), save_as_external_data=True)
  File "D:\chenh\Anaconda\envs\sd_native\lib\site-packages\onnx\__init__.py", line 340, in save_model
    proto = write_external_data_tensors(proto, basepath)
  File "D:\chenh\Anaconda\envs\sd_native\lib\site-packages\onnx\external_data_helper.py", line 497, in write_external_data_tensors
    save_external_data(tensor, filepath)
  File "D:\chenh\Anaconda\envs\sd_native\lib\site-packages\onnx\external_data_helper.py", line 391, in save_external_data
    data_file.write(tensor.raw_data)
OSError: [Errno 28] No space left on device
