W0520 11:02:23.830000 10608 site-packages\torch\utils\_pytree.py:630] <enum 'KernelPreference'> is an Enum subclass and is now natively supported by torch.compile as an opaque value type. Calling register_constant() on Enum subclasses is deprecated and will be an error in a future release.
Unable to import `torchao` Tensor objects. This may affect loading checkpoints serialized with `torchao`
W0520 11:02:26.318000 10608 site-packages\torch\utils\_pytree.py:630] <enum 'ScaleCalculationMode'> is an Enum subclass and is now natively supported by torch.compile as an opaque value type. Calling register_constant() on Enum subclasses is deprecated and will be an error in a future release.
Export dtype: torch.float32
Loading merged UNet from sdxl_lightning_unet_fp16_merged.safetensors...
D:\chenh\Anaconda\envs\sd_native\lib\site-packages\diffusers\configuration_utils.py:250: FutureWarning: It is deprecated to pass a pretrained model name or path to `from_config`.If you were trying to load a model, please use <class 'diffusers.models.unets.unet_2d_condition.UNet2DConditionModel'>.load_config(...) followed by <class 'diffusers.models.unets.unet_2d_condition.UNet2DConditionModel'>.from_config(...) instead. Otherwise, please make sure to pass a configuration dictionary instead. This functionality will be removed in v1.0.0.
  deprecate("config-passed-as-path", "1.0.0", deprecation_message, standard_warn=False)
  loaded 1680 tensors; missing=0 unexpected=0
Smoke test wrapped forward on dummy inputs...
  output shape: (1, 4, 128, 128)  dtype: torch.float32  finite: True

Exporting to D:\chenh\EdgeDiffusion\EdgeDiffusion\models\onnx\unet_fp32.onnx  (opset=17, dynamic_batch=False, external_data=True)...
D:\chenh\EdgeDiffusion\EdgeDiffusion\mp_quant\trt_export_onnx.py:150: DeprecationWarning: You are using the legacy TorchScript-based ONNX export. Starting in PyTorch 2.9, the new torch.export-based ONNX exporter has become the default. Learn more about the new export logic: https://docs.pytorch.org/docs/stable/onnx_export.html. For exporting control flow: https://pytorch.org/tutorials/beginner/onnx/export_control_flow_model_to_onnx_tutorial.html
  torch.onnx.export(
D:\chenh\Anaconda\envs\sd_native\lib\site-packages\diffusers\models\unets\unet_2d_condition.py:1048: TracerWarning: Converting a tensor to a Python boolean might cause the trace to be incorrect. We can't record the data flow of Python values, so this value will be treated as a constant in the future. This means that the trace might not generalize to other inputs!
  if dim % default_overall_up_factor != 0:
D:\chenh\Anaconda\envs\sd_native\lib\site-packages\diffusers\models\downsampling.py:136: TracerWarning: Converting a tensor to a Python boolean might cause the trace to be incorrect. We can't record the data flow of Python values, so this value will be treated as a constant in the future. This means that the trace might not generalize to other inputs!
  assert hidden_states.shape[1] == self.channels
D:\chenh\Anaconda\envs\sd_native\lib\site-packages\diffusers\models\downsampling.py:145: TracerWarning: Converting a tensor to a Python boolean might cause the trace to be incorrect. We can't record the data flow of Python values, so this value will be treated as a constant in the future. This means that the trace might not generalize to other inputs!
  assert hidden_states.shape[1] == self.channels
D:\chenh\Anaconda\envs\sd_native\lib\site-packages\diffusers\models\upsampling.py:147: TracerWarning: Converting a tensor to a Python boolean might cause the trace to be incorrect. We can't record the data flow of Python values, so this value will be treated as a constant in the future. This means that the trace might not generalize to other inputs!
  assert hidden_states.shape[1] == self.channels
D:\chenh\Anaconda\envs\sd_native\lib\site-packages\diffusers\models\upsampling.py:162: TracerWarning: Converting a tensor to a Python boolean might cause the trace to be incorrect. We can't record the data flow of Python values, so this value will be treated as a constant in the future. This means that the trace might not generalize to other inputs!
  if hidden_states.shape[0] >= 64:
D:\chenh\Anaconda\envs\sd_native\lib\site-packages\diffusers\models\upsampling.py:173: TracerWarning: Converting a tensor to a Python boolean might cause the trace to be incorrect. We can't record the data flow of Python values, so this value will be treated as a constant in the future. This means that the trace might not generalize to other inputs!
  if hidden_states.numel() * scale_factor > pow(2, 31):
  Export finished in 31.9s
Loading ONNX back to validate graph...
  IR version:   8
  opset:        17
  inputs:       ['sample', 'timestep', 'encoder_hidden_states', 'text_embeds', 'time_ids']
  outputs:      ['noise_pred']
  nodes:        13946
  initializers: 1680
  onnx.checker.check_model: SKIPPED (ValidationError: Data of TensorProto ( tensor name: unet.conv_in.weight) should be stored in unet.conv_in.weight, but it is not regular f)
  (Checker often complains about external-data sharding; ORT load is the real test.)

Consolidating external data into a single sidecar file...
  Consolidated. Removed 1488 per-tensor files. Final: unet_fp32.onnx + unet_fp32.onnx_data
  Disk size (.onnx + external data): 9798 MB

Metadata: D:\chenh\EdgeDiffusion\EdgeDiffusion\models\onnx\unet_fp32_export_summary.json

Next: python mp_quant/verify_onnx_vs_pytorch.py --onnx D:\chenh\EdgeDiffusion\EdgeDiffusion\models\onnx\unet_fp32.onnx
=== Phase B fp32 verify (PyTorch fp32 vs ONNX fp32) ===
W0520 11:03:25.353000 10980 site-packages\torch\utils\_pytree.py:630] <enum 'KernelPreference'> is an Enum subclass and is now natively supported by torch.compile as an opaque value type. Calling register_constant() on Enum subclasses is deprecated and will be an error in a future release.
Unable to import `torchao` Tensor objects. This may affect loading checkpoints serialized with `torchao`
W0520 11:03:27.823000 10980 site-packages\torch\utils\_pytree.py:630] <enum 'ScaleCalculationMode'> is an Enum subclass and is now natively supported by torch.compile as an opaque value type. Calling register_constant() on Enum subclasses is deprecated and will be an error in a future release.
Loading PyTorch reference UNet at torch.float32 (sdxl_lightning_unet_fp16_merged.safetensors)...
D:\chenh\Anaconda\envs\sd_native\lib\site-packages\diffusers\configuration_utils.py:250: FutureWarning: It is deprecated to pass a pretrained model name or path to `from_config`.If you were trying to load a model, please use <class 'diffusers.models.unets.unet_2d_condition.UNet2DConditionModel'>.load_config(...) followed by <class 'diffusers.models.unets.unet_2d_condition.UNet2DConditionModel'>.from_config(...) instead. Otherwise, please make sure to pass a configuration dictionary instead. This functionality will be removed in v1.0.0.
  deprecate("config-passed-as-path", "1.0.0", deprecation_message, standard_warn=False)
Loading ONNX session (unet_fp32.onnx) with CUDAExecutionProvider...
  EPs in session: ['CUDAExecutionProvider', 'CPUExecutionProvider']
  Inputs:  [('sample', [1, 4, 128, 128], 'tensor(float)'), ('timestep', [1], 'tensor(int64)'), ('encoder_hidden_states', [1, 77, 2048], 'tensor(float)'), ('text_embeds', [1, 1280], 'tensor(float)'), ('time_ids', [1, 6], 'tensor(float)')]
  Outputs: [('noise_pred', [1, 4, 128, 128], 'tensor(float)')]

Comparing on 4 teacher-cache samples...
sample                             max_abs_diff  mean_abs_diff   finite ratio
---------------------------------------------------------------------------
prompt0000_step0.safetensors           0.000724       0.000053         1.0000
prompt0000_step1.safetensors           0.001565       0.000073         1.0000
prompt0000_step2.safetensors           0.005058       0.000100         1.0000
prompt0000_step3.safetensors           0.013757       0.000209         1.0000
---------------------------------------------------------------------------
OVERALL                                0.013757       0.000109

Gate (fp16 noise floor): max_abs_diff < 0.001
  WARN — overall max abs diff 0.01376 >= 0.001. Inspect for op miscompilation.
