W0518 13:34:26.328000 46468 site-packages\torch\utils\_pytree.py:630] <enum 'KernelPreference'> is an Enum subclass and is now natively supported by torch.compile as an opaque value type. Calling register_constant() on Enum subclasses is deprecated and will be an error in a future release.
W0518 13:34:26.361000 46468 site-packages\torch\utils\_pytree.py:630] <enum 'ScaleCalculationMode'> is an Enum subclass and is now natively supported by torch.compile as an opaque value type. Calling register_constant() on Enum subclasses is deprecated and will be an error in a future release.
Unable to import `torchao` Tensor objects. This may affect loading checkpoints serialized with `torchao`
Loading FP16 SDXL-Lightning UNet (4-step)...
D:\chenh\Anaconda\envs\sd_native\lib\site-packages\diffusers\configuration_utils.py:250: FutureWarning: It is deprecated to pass a pretrained model name or path to `from_config`.If you were trying to load a model, please use <class 'diffusers.models.unets.unet_2d_condition.UNet2DConditionModel'>.load_config(...) followed by <class 'diffusers.models.unets.unet_2d_condition.UNet2DConditionModel'>.from_config(...) instead. Otherwise, please make sure to pass a configuration dictionary instead. This functionality will be removed in v1.0.0.
  deprecate("config-passed-as-path", "1.0.0", deprecation_message, standard_warn=False)
Building pipeline (for text encoders + scheduler)...
Loading pipeline components...:   0%|          | 0/7 [00:00<?, ?it/s]`torch_dtype` is deprecated! Use `dtype` instead!
Loading pipeline components...:  29%|¨€¨€¨‚       | 2/7 [00:00<00:00, 14.08it/s]Loading pipeline components...: 100%|¨€¨€¨€¨€¨€¨€¨€¨€¨€¨€| 7/7 [00:00<00:00, 30.23it/s]
Loaded 128 prompts from dataset/
Encoding prompts via dual CLIP...

Caching teacher trajectories: 128 prompts x 4 steps = 512 samples
Output: D:\chenh\EdgeDiffusion\EdgeDiffusion\qlora_teacher_cache_128p_1024
  16/128: 'A red stop sign sitting above a four way sign.'
  32/128: 'a plate filled with some pasta and broccoli'
  48/128: 'A couple of skiers racing on a snow covered hill.'
  64/128: 'a modern bathroom with blue walls and a clear shower'
  80/128: 'A child leans into the camera brushing their teeth.'
  96/128: 'A female tennis player is on the court playing.'
  112/128: 'Dull red train, 54, between grass and trees.'
  128/128: 'A yellow double decker bus on street next to buildings.'

Done. 512 samples, 283.5 MB total.
Index: D:\chenh\EdgeDiffusion\EdgeDiffusion\qlora_teacher_cache_128p_1024\index.json
